gplink-1.4.0 #1107 (Apr  3 2018)
Map File - Created 1-21-2022  14:45:54

                                 Section Info
                  Section       Type    Address   Location Size(Bytes)
                ---------  ---------  ---------  ---------  ---------
            IDD_idata_0_i    romdata   0x000002    program   0x000002
             IDD_main_0_i    romdata   0x00029c    program   0x000026
                   .cinit    romdata   0x0002d2    program   0x00001c
                  STARTUP       code   0x000000    program   0x000004
              c_interrupt       code   0x000004    program   0x00002e
 S_main__uart_int_handler       code   0x00001b    program   0x000174
S_idata___sdcc_gsinit_startup       code   0x0000d5    program   0x000138
     S___memcpy____memcpy       code   0x000171    program   0x0000aa
                    .code       code   0x0001c6    program   0x000080
             S_main__main       code   0x000206    program   0x000058
        S__strlen__strlen       code   0x000232    program   0x000054
     S_main__print_prompt       code   0x00025c    program   0x000046
S_main__uart_print_string       code   0x00027f    program   0x00003a
               IDC_main_1       code   0x0002af    program   0x000024
         S_main__uart_put       code   0x0002c1    program   0x000022
               IDC_main_4       code   0x0002e0    program   0x000014
               IDC_main_5       code   0x0002ea    program   0x000014
               IDC_main_6       code   0x0002f4    program   0x000014
         S_main__uart_get       code   0x0002fe    program   0x000014
               IDC_main_3       code   0x000308    program   0x000012
        S_main__int2ascii       code   0x000311    program   0x000012
    S_main__uart_print_nl       code   0x00031a    program   0x00000a
               IDC_main_2       code   0x00031f    program   0x000008
S_main__enable_interrupts       code   0x000323    program   0x000008
  S_main__clear_interrupt       code   0x000327    program   0x000006
S_main__disable_interrupts       code   0x00032a    program   0x000006
               IDD_main_0      idata   0x000128       data   0x000013
              IDD_idata_0      idata   0x00015b       data   0x000001
     UD_abs_pic16f84_0000      udata   0x000000       data   0x000001
     UD_abs_pic16f84_0001      udata   0x000001       data   0x000001
     UD_abs_pic16f84_0002      udata   0x000002       data   0x000001
     UD_abs_pic16f84_0003      udata   0x000003       data   0x000001
     UD_abs_pic16f84_0004      udata   0x000004       data   0x000001
     UD_abs_pic16f84_0005      udata   0x000005       data   0x000001
     UD_abs_pic16f84_0006      udata   0x000006       data   0x000001
     UD_abs_pic16f84_0007      udata   0x000007       data   0x000001
     UD_abs_pic16f84_0008      udata   0x000008       data   0x000001
     UD_abs_pic16f84_0009      udata   0x000009       data   0x000001
     UD_abs_pic16f84_000a      udata   0x00000a       data   0x000001
     UD_abs_pic16f84_000b      udata   0x00000b       data   0x000001
                sharebank      udata   0x00000c       data   0x000010
     UD_abs_pic16f84_0081      udata   0x000081       data   0x000001
     UD_abs_pic16f84_0085      udata   0x000085       data   0x000001
     UD_abs_pic16f84_0086      udata   0x000086       data   0x000001
     UD_abs_pic16f84_0087      udata   0x000087       data   0x000001
     UD_abs_pic16f84_0088      udata   0x000088       data   0x000001
     UD_abs_pic16f84_0089      udata   0x000089       data   0x000001
               UDL_main_0      udata   0x00010c       data   0x00001c
           UDL___memcpy_0      udata   0x00013b       data   0x00000d
              UDL_idata_0      udata   0x000148       data   0x00000c
            UDL__strlen_0      udata   0x000154       data   0x000006
                UD_main_0      udata   0x00015a       data   0x000001



                              Program Memory Usage
                               Start         End
                           ---------   ---------
                            0x00029c    0x0002ae
                            0x0002af    0x0002c0
                            0x00031f    0x000322
                            0x000308    0x000310
                            0x0002e0    0x0002e9
                            0x0002ea    0x0002f3
                            0x0002f4    0x0002fd
                            0x000000    0x000001
                            0x000004    0x00001a
                            0x000206    0x000231
                            0x000327    0x000329
                            0x00032a    0x00032c
                            0x000323    0x000326
                            0x00001b    0x0000d4
                            0x00025c    0x00027e
                            0x000311    0x000319
                            0x00031a    0x00031e
                            0x00027f    0x00029b
                            0x0002fe    0x000307
                            0x0002c1    0x0002d1
                            0x000232    0x00025b
                            0x000171    0x0001c5
                            0x0001c6    0x000205
                            0x000002    0x000002
                            0x0000d5    0x000170
                            0x0002d2    0x0002df
                            812 program addresses used



                              Symbols - Sorted by Name
                     Name    Address   Location    Storage File
                ---------  ---------  ---------  --------- ---------
         END_OF_INTERRUPT   0x00001a    program     static main.asm
                    PSAVE   0x00000c       data     extern main.asm
                    SSAVE   0x00000d       data     extern main.asm
                    STK00   0x00001b       data     extern main.asm
                    STK01   0x00001a       data     extern main.asm
                    STK02   0x000019       data     extern main.asm
                    STK03   0x000018       data     extern main.asm
                    STK04   0x000017       data     extern main.asm
                    STK05   0x000016       data     extern main.asm
                    STK06   0x000015       data     extern main.asm
                    STK07   0x000014       data     extern main.asm
                    STK08   0x000013       data     extern main.asm
                    STK09   0x000012       data     extern main.asm
                    STK10   0x000011       data     extern main.asm
                    STK11   0x000010       data     extern main.asm
                    STK12   0x00000f       data     extern main.asm
                    WSAVE   0x00000e       data     extern main.asm
               _00105_DS_   0x0002c3    program     static main.asm
               _00105_DS_   0x00023b    program     static libc_a-_strlen.asm
               _00105_DS_   0x00018a    program     static libc_a-__memcpy.asm
               _00105_DS_   0x000135    program     static ../libsdcc_a-idata.asm
               _00107_DS_   0x0002c8    program     static main.asm
               _00107_DS_   0x000256    program     static libc_a-_strlen.asm
               _00107_DS_   0x0001be    program     static libc_a-__memcpy.asm
               _00107_DS_   0x000166    program     static ../libsdcc_a-idata.asm
               _00108_DS_   0x0002ca    program     static main.asm
               _00108_DS_   0x0000e8    program     static ../libsdcc_a-idata.asm
               _00110_DS_   0x0002cf    program     static main.asm
               _00110_DS_   0x00016d    program     static ../libsdcc_a-idata.asm
               _00116_DS_   0x000306    program     static main.asm
               _00118_DS_   0x000307    program     static main.asm
               _00125_DS_   0x000287    program     static main.asm
               _00127_DS_   0x00029b    program     static main.asm
               _00144_DS_   0x00004d    program     static main.asm
               _00145_DS_   0x0000a5    program     static main.asm
               _00149_DS_   0x000042    program     static main.asm
               _00151_DS_   0x0000d4    program     static main.asm
               _00189_DS_   0x00020d    program     static main.asm
               _00191_DS_   0x00022f    program     static main.asm
               _00194_DS_   0x000207    program     static main.asm
                  _EECON1   0x000088       data     extern pic16f84.asm
              _EECON1bits   0x000088       data     extern pic16f84.asm
                  _EECON2   0x000089       data     extern pic16f84.asm
                  _EEDATA   0x000008       data     extern pic16f84.asm
                   _ERROR   0x000308    program     extern main.asm
                     _FSR   0x000004       data     extern pic16f84.asm
                    _INDF   0x000000       data     extern pic16f84.asm
                  _INTCON   0x00000b       data     extern pic16f84.asm
              _INTCONbits   0x00000b       data     extern pic16f84.asm
              _OPTION_REG   0x000081       data     extern pic16f84.asm
          _OPTION_REGbits   0x000081       data     extern pic16f84.asm
                     _PCL   0x000002       data     extern pic16f84.asm
                  _PCLATH   0x00000a       data     extern pic16f84.asm
                   _PORTA   0x000005       data     extern pic16f84.asm
               _PORTAbits   0x000005       data     extern pic16f84.asm
                   _PORTB   0x000006       data     extern pic16f84.asm
               _PORTBbits   0x000006       data     extern pic16f84.asm
                  _PROMPT   0x00031f    program     extern main.asm
                  _STATUS   0x000003       data     extern pic16f84.asm
              _STATUSbits   0x000003       data     extern pic16f84.asm
_S___memcpy____memcpy_002F   0x0001a0    program     static libc_a-__memcpy.asm
_S___memcpy____memcpy_0043   0x0001b4    program     static libc_a-__memcpy.asm
  _S__strlen__strlen_0013   0x000245    program     static libc_a-_strlen.asm
_S_idata___sdcc_gsinit_startup_0008   0x0000dd    program     static ../libsdcc_a-idata.asm
_S_idata___sdcc_gsinit_startup_0030   0x000105    program     static ../libsdcc_a-idata.asm
_S_idata___sdcc_gsinit_startup_003F   0x000114    program     static ../libsdcc_a-idata.asm
_S_idata___sdcc_gsinit_startup_0057   0x00012c    program     static ../libsdcc_a-idata.asm
_S_idata___sdcc_gsinit_startup_0076   0x00014b    program     static ../libsdcc_a-idata.asm
                    _TMR0   0x000001       data     extern pic16f84.asm
                   _TRISA   0x000085       data     extern pic16f84.asm
               _TRISAbits   0x000085       data     extern pic16f84.asm
                   _TRISB   0x000086       data     extern pic16f84.asm
               _TRISBbits   0x000086       data     extern pic16f84.asm
                 _UART_RX   0x000087       data     extern pic16f84.asm
                 _UART_SR   0x000009       data     extern pic16f84.asm
             _UART_SRbits   0x000009       data     extern pic16f84.asm
                 _UART_TX   0x000007       data     extern pic16f84.asm
                 _WELCOME   0x0002af    program     extern main.asm
                ___memcpy   0x000171    program     extern libc_a-__memcpy.asm
        ___sdcc_saved_fsr   0x000127       data     static main.asm
                 ___str_0   0x0002e0    program     static main.asm
                 ___str_1   0x0002ea    program     static main.asm
                 ___str_2   0x0002f4    program     static main.asm
            __codeptrget1   0x0001e0    program     extern _gptrget1.S
            __codeptrget2   0x0001f7    program     static _gptrget2.S
            __dataptrget1   0x0001d9    program     static _gptrget1.S
            __dataptrget2   0x0001ed    program     static _gptrget2.S
            __dataptrput1   0x0001ca    program     static _gptrput1.S
                __gptrget   0x0001d2    program     extern _gptrget1.S
               __gptrget1   0x0001d2    program     extern _gptrget1.S
               __gptrget2   0x0001e5    program     extern _gptrget2.S
                __gptrput   0x0001c6    program     extern _gptrput1.S
               __gptrput1   0x0001c6    program     extern _gptrput1.S
    __sdcc_gsinit_startup   0x0000d5    program     extern ../libsdcc_a-idata.asm
         __sdcc_interrupt   0x000004    program     static main.asm
                   _cinit   0x0002d2    program     extern 
         _clear_interrupt   0x000327    program     static main.asm
      _disable_interrupts   0x00032a    program     static main.asm
       _enable_interrupts   0x000323    program     static main.asm
             _force_cinit   0x00015b       data     static ../libsdcc_a-idata.asm
               _int2ascii   0x000311    program     static main.asm
       _interrupt_handler   0x000004    program     static main.asm
                    _main   0x000206    program     extern main.asm
            _print_prompt   0x00025c    program     static main.asm
                  _strlen   0x000232    program     extern libc_a-_strlen.asm
                _uart_get   0x0002fe    program     static main.asm
        _uart_int_handler   0x00001b    program     static main.asm
_uart_int_handler_mychar_131072_58   0x000126       data     static main.asm
           _uart_print_nl   0x00031a    program     static main.asm
       _uart_print_string   0x00027f    program     static main.asm
                _uart_put   0x0002c1    program     static main.asm
        _uart_read_buffer   0x000128       data     extern main.asm
       _uart_read_pointer   0x00015a       data     extern main.asm
                 _welcome   0x00020e    program     static main.asm
                  r0x1000   0x000156       data     static libc_a-_strlen.asm
                  r0x1000   0x00013d       data     static libc_a-__memcpy.asm
                  r0x1000   0x000149       data     static ../libsdcc_a-idata.asm
                  r0x1001   0x000155       data     static libc_a-_strlen.asm
                  r0x1001   0x00013c       data     static libc_a-__memcpy.asm
                  r0x1001   0x000148       data     static ../libsdcc_a-idata.asm
                  r0x1002   0x000154       data     static libc_a-_strlen.asm
                  r0x1002   0x00013b       data     static libc_a-__memcpy.asm
                  r0x1002   0x00014a       data     static ../libsdcc_a-idata.asm
                  r0x1003   0x000157       data     static libc_a-_strlen.asm
                  r0x1003   0x00014b       data     static ../libsdcc_a-idata.asm
                  r0x1004   0x000158       data     static libc_a-_strlen.asm
                  r0x1004   0x00013f       data     static libc_a-__memcpy.asm
                  r0x1004   0x00014c       data     static ../libsdcc_a-idata.asm
                  r0x1005   0x000159       data     static libc_a-_strlen.asm
                  r0x1005   0x00013e       data     static libc_a-__memcpy.asm
                  r0x1005   0x00014d       data     static ../libsdcc_a-idata.asm
                  r0x1006   0x000141       data     static libc_a-__memcpy.asm
                  r0x1006   0x00014f       data     static ../libsdcc_a-idata.asm
                  r0x1007   0x000140       data     static libc_a-__memcpy.asm
                  r0x1007   0x00014e       data     static ../libsdcc_a-idata.asm
                  r0x1008   0x000142       data     static libc_a-__memcpy.asm
                  r0x1008   0x000150       data     static ../libsdcc_a-idata.asm
                  r0x1009   0x000143       data     static libc_a-__memcpy.asm
                  r0x1009   0x000151       data     static ../libsdcc_a-idata.asm
                  r0x100A   0x000144       data     static libc_a-__memcpy.asm
                  r0x100A   0x000153       data     static ../libsdcc_a-idata.asm
                  r0x100B   0x000147       data     static libc_a-__memcpy.asm
                  r0x100B   0x000152       data     static ../libsdcc_a-idata.asm
                  r0x100C   0x000146       data     static libc_a-__memcpy.asm
                  r0x100D   0x000145       data     static libc_a-__memcpy.asm
                  r0x1016   0x00010e       data     static main.asm
                  r0x1017   0x00010d       data     static main.asm
                  r0x1018   0x00010c       data     static main.asm
                  r0x1019   0x00010f       data     static main.asm
                  r0x101A   0x000110       data     static main.asm
                  r0x101B   0x000111       data     static main.asm
                  r0x101C   0x000112       data     static main.asm
                  r0x101F   0x000113       data     static main.asm
                  r0x1020   0x000114       data     static main.asm
                  r0x1021   0x000115       data     static main.asm
                  r0x1022   0x000117       data     static main.asm
                  r0x1023   0x000116       data     static main.asm
                  r0x1024   0x000118       data     static main.asm
                  r0x1025   0x000120       data     static main.asm
                  r0x1026   0x00011f       data     static main.asm
                  r0x1027   0x000121       data     static main.asm
                  r0x1028   0x000123       data     static main.asm
                  r0x1029   0x000122       data     static main.asm
                  r0x102A   0x000124       data     static main.asm
                  r0x102B   0x000125       data     static main.asm
                  r0x102C   0x00011a       data     static main.asm
                  r0x102D   0x000119       data     static main.asm
                  r0x102E   0x00011b       data     static main.asm
                  r0x102F   0x00011d       data     static main.asm
                  r0x1030   0x00011c       data     static main.asm
                  r0x1031   0x00011e       data     static main.asm



                              Symbols - Sorted by Address
                     Name    Address   Location    Storage File
                ---------  ---------  ---------  --------- ---------
                    _INDF   0x000000       data     extern pic16f84.asm
                    _TMR0   0x000001       data     extern pic16f84.asm
                     _PCL   0x000002       data     extern pic16f84.asm
                  _STATUS   0x000003       data     extern pic16f84.asm
              _STATUSbits   0x000003       data     extern pic16f84.asm
                     _FSR   0x000004       data     extern pic16f84.asm
         __sdcc_interrupt   0x000004    program     static main.asm
       _interrupt_handler   0x000004    program     static main.asm
                   _PORTA   0x000005       data     extern pic16f84.asm
               _PORTAbits   0x000005       data     extern pic16f84.asm
                   _PORTB   0x000006       data     extern pic16f84.asm
               _PORTBbits   0x000006       data     extern pic16f84.asm
                 _UART_TX   0x000007       data     extern pic16f84.asm
                  _EEDATA   0x000008       data     extern pic16f84.asm
                 _UART_SR   0x000009       data     extern pic16f84.asm
             _UART_SRbits   0x000009       data     extern pic16f84.asm
                  _PCLATH   0x00000a       data     extern pic16f84.asm
                  _INTCON   0x00000b       data     extern pic16f84.asm
              _INTCONbits   0x00000b       data     extern pic16f84.asm
                    PSAVE   0x00000c       data     extern main.asm
                    SSAVE   0x00000d       data     extern main.asm
                    WSAVE   0x00000e       data     extern main.asm
                    STK12   0x00000f       data     extern main.asm
                    STK11   0x000010       data     extern main.asm
                    STK10   0x000011       data     extern main.asm
                    STK09   0x000012       data     extern main.asm
                    STK08   0x000013       data     extern main.asm
                    STK07   0x000014       data     extern main.asm
                    STK06   0x000015       data     extern main.asm
                    STK05   0x000016       data     extern main.asm
                    STK04   0x000017       data     extern main.asm
                    STK03   0x000018       data     extern main.asm
                    STK02   0x000019       data     extern main.asm
         END_OF_INTERRUPT   0x00001a    program     static main.asm
                    STK01   0x00001a       data     extern main.asm
                    STK00   0x00001b       data     extern main.asm
        _uart_int_handler   0x00001b    program     static main.asm
               _00149_DS_   0x000042    program     static main.asm
               _00144_DS_   0x00004d    program     static main.asm
              _OPTION_REG   0x000081       data     extern pic16f84.asm
          _OPTION_REGbits   0x000081       data     extern pic16f84.asm
                   _TRISA   0x000085       data     extern pic16f84.asm
               _TRISAbits   0x000085       data     extern pic16f84.asm
                   _TRISB   0x000086       data     extern pic16f84.asm
               _TRISBbits   0x000086       data     extern pic16f84.asm
                 _UART_RX   0x000087       data     extern pic16f84.asm
                  _EECON1   0x000088       data     extern pic16f84.asm
              _EECON1bits   0x000088       data     extern pic16f84.asm
                  _EECON2   0x000089       data     extern pic16f84.asm
               _00145_DS_   0x0000a5    program     static main.asm
               _00151_DS_   0x0000d4    program     static main.asm
    __sdcc_gsinit_startup   0x0000d5    program     extern ../libsdcc_a-idata.asm
_S_idata___sdcc_gsinit_startup_0008   0x0000dd    program     static ../libsdcc_a-idata.asm
               _00108_DS_   0x0000e8    program     static ../libsdcc_a-idata.asm
_S_idata___sdcc_gsinit_startup_0030   0x000105    program     static ../libsdcc_a-idata.asm
                  r0x1018   0x00010c       data     static main.asm
                  r0x1017   0x00010d       data     static main.asm
                  r0x1016   0x00010e       data     static main.asm
                  r0x1019   0x00010f       data     static main.asm
                  r0x101A   0x000110       data     static main.asm
                  r0x101B   0x000111       data     static main.asm
                  r0x101C   0x000112       data     static main.asm
                  r0x101F   0x000113       data     static main.asm
_S_idata___sdcc_gsinit_startup_003F   0x000114    program     static ../libsdcc_a-idata.asm
                  r0x1020   0x000114       data     static main.asm
                  r0x1021   0x000115       data     static main.asm
                  r0x1023   0x000116       data     static main.asm
                  r0x1022   0x000117       data     static main.asm
                  r0x1024   0x000118       data     static main.asm
                  r0x102D   0x000119       data     static main.asm
                  r0x102C   0x00011a       data     static main.asm
                  r0x102E   0x00011b       data     static main.asm
                  r0x1030   0x00011c       data     static main.asm
                  r0x102F   0x00011d       data     static main.asm
                  r0x1031   0x00011e       data     static main.asm
                  r0x1026   0x00011f       data     static main.asm
                  r0x1025   0x000120       data     static main.asm
                  r0x1027   0x000121       data     static main.asm
                  r0x1029   0x000122       data     static main.asm
                  r0x1028   0x000123       data     static main.asm
                  r0x102A   0x000124       data     static main.asm
                  r0x102B   0x000125       data     static main.asm
_uart_int_handler_mychar_131072_58   0x000126       data     static main.asm
        ___sdcc_saved_fsr   0x000127       data     static main.asm
        _uart_read_buffer   0x000128       data     extern main.asm
_S_idata___sdcc_gsinit_startup_0057   0x00012c    program     static ../libsdcc_a-idata.asm
               _00105_DS_   0x000135    program     static ../libsdcc_a-idata.asm
                  r0x1002   0x00013b       data     static libc_a-__memcpy.asm
                  r0x1001   0x00013c       data     static libc_a-__memcpy.asm
                  r0x1000   0x00013d       data     static libc_a-__memcpy.asm
                  r0x1005   0x00013e       data     static libc_a-__memcpy.asm
                  r0x1004   0x00013f       data     static libc_a-__memcpy.asm
                  r0x1007   0x000140       data     static libc_a-__memcpy.asm
                  r0x1006   0x000141       data     static libc_a-__memcpy.asm
                  r0x1008   0x000142       data     static libc_a-__memcpy.asm
                  r0x1009   0x000143       data     static libc_a-__memcpy.asm
                  r0x100A   0x000144       data     static libc_a-__memcpy.asm
                  r0x100D   0x000145       data     static libc_a-__memcpy.asm
                  r0x100C   0x000146       data     static libc_a-__memcpy.asm
                  r0x100B   0x000147       data     static libc_a-__memcpy.asm
                  r0x1001   0x000148       data     static ../libsdcc_a-idata.asm
                  r0x1000   0x000149       data     static ../libsdcc_a-idata.asm
                  r0x1002   0x00014a       data     static ../libsdcc_a-idata.asm
_S_idata___sdcc_gsinit_startup_0076   0x00014b    program     static ../libsdcc_a-idata.asm
                  r0x1003   0x00014b       data     static ../libsdcc_a-idata.asm
                  r0x1004   0x00014c       data     static ../libsdcc_a-idata.asm
                  r0x1005   0x00014d       data     static ../libsdcc_a-idata.asm
                  r0x1007   0x00014e       data     static ../libsdcc_a-idata.asm
                  r0x1006   0x00014f       data     static ../libsdcc_a-idata.asm
                  r0x1008   0x000150       data     static ../libsdcc_a-idata.asm
                  r0x1009   0x000151       data     static ../libsdcc_a-idata.asm
                  r0x100B   0x000152       data     static ../libsdcc_a-idata.asm
                  r0x100A   0x000153       data     static ../libsdcc_a-idata.asm
                  r0x1002   0x000154       data     static libc_a-_strlen.asm
                  r0x1001   0x000155       data     static libc_a-_strlen.asm
                  r0x1000   0x000156       data     static libc_a-_strlen.asm
                  r0x1003   0x000157       data     static libc_a-_strlen.asm
                  r0x1004   0x000158       data     static libc_a-_strlen.asm
                  r0x1005   0x000159       data     static libc_a-_strlen.asm
       _uart_read_pointer   0x00015a       data     extern main.asm
             _force_cinit   0x00015b       data     static ../libsdcc_a-idata.asm
               _00107_DS_   0x000166    program     static ../libsdcc_a-idata.asm
               _00110_DS_   0x00016d    program     static ../libsdcc_a-idata.asm
                ___memcpy   0x000171    program     extern libc_a-__memcpy.asm
               _00105_DS_   0x00018a    program     static libc_a-__memcpy.asm
_S___memcpy____memcpy_002F   0x0001a0    program     static libc_a-__memcpy.asm
_S___memcpy____memcpy_0043   0x0001b4    program     static libc_a-__memcpy.asm
               _00107_DS_   0x0001be    program     static libc_a-__memcpy.asm
                __gptrput   0x0001c6    program     extern _gptrput1.S
               __gptrput1   0x0001c6    program     extern _gptrput1.S
            __dataptrput1   0x0001ca    program     static _gptrput1.S
                __gptrget   0x0001d2    program     extern _gptrget1.S
               __gptrget1   0x0001d2    program     extern _gptrget1.S
            __dataptrget1   0x0001d9    program     static _gptrget1.S
            __codeptrget1   0x0001e0    program     extern _gptrget1.S
               __gptrget2   0x0001e5    program     extern _gptrget2.S
            __dataptrget2   0x0001ed    program     static _gptrget2.S
            __codeptrget2   0x0001f7    program     static _gptrget2.S
                    _main   0x000206    program     extern main.asm
               _00194_DS_   0x000207    program     static main.asm
               _00189_DS_   0x00020d    program     static main.asm
                 _welcome   0x00020e    program     static main.asm
               _00191_DS_   0x00022f    program     static main.asm
                  _strlen   0x000232    program     extern libc_a-_strlen.asm
               _00105_DS_   0x00023b    program     static libc_a-_strlen.asm
  _S__strlen__strlen_0013   0x000245    program     static libc_a-_strlen.asm
               _00107_DS_   0x000256    program     static libc_a-_strlen.asm
            _print_prompt   0x00025c    program     static main.asm
       _uart_print_string   0x00027f    program     static main.asm
               _00125_DS_   0x000287    program     static main.asm
               _00127_DS_   0x00029b    program     static main.asm
                 _WELCOME   0x0002af    program     extern main.asm
                _uart_put   0x0002c1    program     static main.asm
               _00105_DS_   0x0002c3    program     static main.asm
               _00107_DS_   0x0002c8    program     static main.asm
               _00108_DS_   0x0002ca    program     static main.asm
               _00110_DS_   0x0002cf    program     static main.asm
                   _cinit   0x0002d2    program     extern 
                 ___str_0   0x0002e0    program     static main.asm
                 ___str_1   0x0002ea    program     static main.asm
                 ___str_2   0x0002f4    program     static main.asm
                _uart_get   0x0002fe    program     static main.asm
               _00116_DS_   0x000306    program     static main.asm
               _00118_DS_   0x000307    program     static main.asm
                   _ERROR   0x000308    program     extern main.asm
               _int2ascii   0x000311    program     static main.asm
           _uart_print_nl   0x00031a    program     static main.asm
                  _PROMPT   0x00031f    program     extern main.asm
       _enable_interrupts   0x000323    program     static main.asm
         _clear_interrupt   0x000327    program     static main.asm
      _disable_interrupts   0x00032a    program     static main.asm


