gplink-1.4.0 #1107 (Apr  3 2018)
Map File - Created 1-20-2022  10:47:22

                                 Section Info
                  Section       Type    Address   Location Size(Bytes)
                ---------  ---------  ---------  ---------  ---------
            IDD_idata_0_i    romdata   0x000002    program   0x000002
                   .cinit    romdata   0x000255    program   0x000010
                  STARTUP       code   0x000000    program   0x000004
              c_interrupt       code   0x000004    program   0x00002e
S_idata___sdcc_gsinit_startup       code   0x00001b    program   0x000138
 S_main__uart_int_handler       code   0x0000b7    program   0x0000dc
             S_main__main       code   0x000125    program   0x000098
                    .code       code   0x000171    program   0x000068
           S_main__sleepn       code   0x0001a5    program   0x000052
S_main__uart_print_string       code   0x0001ce    program   0x00003a
     S_main__print_prompt       code   0x0001eb    program   0x000028
               IDC_main_0       code   0x0001ff    program   0x000024
         S_main__uart_put       code   0x000211    program   0x000022
    S_main__io_data_write       code   0x000222    program   0x00001c
         S_main__uart_get       code   0x000230    program   0x000014
               IDC_main_2       code   0x00023a    program   0x000012
               IDC_main_3       code   0x000243    program   0x000012
        S_main__int2ascii       code   0x00024c    program   0x000012
    S_main__uart_print_nl       code   0x00025d    program   0x00000a
               IDC_main_1       code   0x000262    program   0x000008
S_main__enable_interrupts       code   0x000266    program   0x000008
  S_main__clear_interrupt       code   0x00026a    program   0x000006
S_main__disable_interrupts       code   0x00026d    program   0x000006
             S_main__halt       code   0x000270    program   0x000006
              IDD_idata_0      idata   0x00004c       data   0x000001
     UD_abs_pic16f84_0000      udata   0x000000       data   0x000001
     UD_abs_pic16f84_0001      udata   0x000001       data   0x000001
     UD_abs_pic16f84_0002      udata   0x000002       data   0x000001
     UD_abs_pic16f84_0003      udata   0x000003       data   0x000001
     UD_abs_pic16f84_0004      udata   0x000004       data   0x000001
     UD_abs_pic16f84_0005      udata   0x000005       data   0x000001
     UD_abs_pic16f84_0006      udata   0x000006       data   0x000001
     UD_abs_pic16f84_0007      udata   0x000007       data   0x000001
     UD_abs_pic16f84_0008      udata   0x000008       data   0x000001
     UD_abs_pic16f84_0009      udata   0x000009       data   0x000001
     UD_abs_pic16f84_000a      udata   0x00000a       data   0x000001
     UD_abs_pic16f84_000b      udata   0x00000b       data   0x000001
                sharebank      udata   0x00000c       data   0x000010
               UDL_main_0      udata   0x00001c       data   0x000019
              UDL_idata_0      udata   0x000035       data   0x00000c
                UD_main_1      udata   0x000041       data   0x000005
                UD_main_2      udata   0x000046       data   0x000005
                UD_main_0      udata   0x00004b       data   0x000001
     UD_abs_pic16f84_0081      udata   0x000081       data   0x000001
     UD_abs_pic16f84_0085      udata   0x000085       data   0x000001
     UD_abs_pic16f84_0086      udata   0x000086       data   0x000001
     UD_abs_pic16f84_0087      udata   0x000087       data   0x000001
     UD_abs_pic16f84_0088      udata   0x000088       data   0x000001
     UD_abs_pic16f84_0089      udata   0x000089       data   0x000001



                              Program Memory Usage
                               Start         End
                           ---------   ---------
                            0x0001ff    0x000210
                            0x000262    0x000265
                            0x00023a    0x000242
                            0x000243    0x00024b
                            0x000000    0x000001
                            0x000004    0x00001a
                            0x000125    0x000170
                            0x00026a    0x00026c
                            0x00026d    0x00026f
                            0x000266    0x000269
                            0x000222    0x00022f
                            0x0001a5    0x0001cd
                            0x000270    0x000272
                            0x0000b7    0x000124
                            0x0001eb    0x0001fe
                            0x00024c    0x000254
                            0x00025d    0x000261
                            0x0001ce    0x0001ea
                            0x000230    0x000239
                            0x000211    0x000221
                            0x000171    0x0001a4
                            0x000002    0x000002
                            0x00001b    0x0000b6
                            0x000255    0x00025c
                            626 program addresses used



                              Symbols - Sorted by Name
                     Name    Address   Location    Storage File
                ---------  ---------  ---------  --------- ---------
         END_OF_INTERRUPT   0x00001a    program     static main.asm
                    PSAVE   0x00000c       data     extern main.asm
                    SSAVE   0x00000d       data     extern main.asm
                    STK00   0x00001b       data     extern main.asm
                    STK01   0x00001a       data     extern main.asm
                    STK02   0x000019       data     extern main.asm
                    STK03   0x000018       data     extern main.asm
                    STK04   0x000017       data     extern main.asm
                    STK05   0x000016       data     extern main.asm
                    STK06   0x000015       data     extern main.asm
                    STK07   0x000014       data     extern main.asm
                    STK08   0x000013       data     extern main.asm
                    STK09   0x000012       data     extern main.asm
                    STK10   0x000011       data     extern main.asm
                    STK11   0x000010       data     extern main.asm
                    STK12   0x00000f       data     extern main.asm
                    WSAVE   0x00000e       data     extern main.asm
               _00105_DS_   0x000213    program     static main.asm
               _00105_DS_   0x00007b    program     static ../libsdcc_a-idata.asm
               _00107_DS_   0x000218    program     static main.asm
               _00107_DS_   0x0000ac    program     static ../libsdcc_a-idata.asm
               _00108_DS_   0x00021a    program     static main.asm
               _00108_DS_   0x00002e    program     static ../libsdcc_a-idata.asm
               _00110_DS_   0x00021f    program     static main.asm
               _00110_DS_   0x0000b3    program     static ../libsdcc_a-idata.asm
               _00116_DS_   0x000238    program     static main.asm
               _00118_DS_   0x000239    program     static main.asm
               _00125_DS_   0x0001d6    program     static main.asm
               _00127_DS_   0x0001ea    program     static main.asm
               _00144_DS_   0x0000d8    program     static main.asm
               _00145_DS_   0x000103    program     static main.asm
               _00149_DS_   0x0000cf    program     static main.asm
               _00151_DS_   0x000124    program     static main.asm
               _00167_DS_   0x00013d    program     static main.asm
               _00169_DS_   0x000126    program     static main.asm
               _00175_DS_   0x000270    program     static main.asm
               _00182_DS_   0x0001c0    program     static main.asm
               _00184_DS_   0x0001cd    program     static main.asm
               _00186_DS_   0x0001b6    program     static main.asm
               _00187_DS_   0x0001ba    program     static main.asm
               _00204_DS_   0x0001b0    program     static main.asm
               _00205_DS_   0x0001c6    program     static main.asm
               _00212_DS_   0x00022f    program     static main.asm
               _00234_DS_   0x00016e    program     static main.asm
                 _COMMAND   0x000046       data     extern main.asm
                  _EECON1   0x000088       data     extern pic16f84.asm
              _EECON1bits   0x000088       data     extern pic16f84.asm
                  _EECON2   0x000089       data     extern pic16f84.asm
                  _EEDATA   0x000008       data     extern pic16f84.asm
                   _ERROR   0x00023a    program     extern main.asm
                     _FSR   0x000004       data     extern pic16f84.asm
                    _INDF   0x000000       data     extern pic16f84.asm
                  _INTCON   0x00000b       data     extern pic16f84.asm
              _INTCONbits   0x00000b       data     extern pic16f84.asm
              _OPTION_REG   0x000081       data     extern pic16f84.asm
          _OPTION_REGbits   0x000081       data     extern pic16f84.asm
                     _PCL   0x000002       data     extern pic16f84.asm
                  _PCLATH   0x00000a       data     extern pic16f84.asm
                   _PORTA   0x000005       data     extern pic16f84.asm
               _PORTAbits   0x000005       data     extern pic16f84.asm
                   _PORTB   0x000006       data     extern pic16f84.asm
               _PORTBbits   0x000006       data     extern pic16f84.asm
                  _PROMPT   0x000262    program     extern main.asm
                  _STATUS   0x000003       data     extern pic16f84.asm
              _STATUSbits   0x000003       data     extern pic16f84.asm
_S_idata___sdcc_gsinit_startup_0008   0x000023    program     static ../libsdcc_a-idata.asm
_S_idata___sdcc_gsinit_startup_0030   0x00004b    program     static ../libsdcc_a-idata.asm
_S_idata___sdcc_gsinit_startup_003F   0x00005a    program     static ../libsdcc_a-idata.asm
_S_idata___sdcc_gsinit_startup_0057   0x000072    program     static ../libsdcc_a-idata.asm
_S_idata___sdcc_gsinit_startup_0076   0x000091    program     static ../libsdcc_a-idata.asm
                    _TMR0   0x000001       data     extern pic16f84.asm
                   _TRISA   0x000085       data     extern pic16f84.asm
               _TRISAbits   0x000085       data     extern pic16f84.asm
                   _TRISB   0x000086       data     extern pic16f84.asm
               _TRISBbits   0x000086       data     extern pic16f84.asm
                 _UART_RX   0x000087       data     extern pic16f84.asm
                 _UART_SR   0x000009       data     extern pic16f84.asm
             _UART_SRbits   0x000009       data     extern pic16f84.asm
                 _UART_TX   0x000007       data     extern pic16f84.asm
                 _WELCOME   0x0001ff    program     extern main.asm
        ___sdcc_saved_fsr   0x000034       data     static main.asm
                 ___str_0   0x000243    program     static main.asm
            __codeptrget1   0x00017f    program     extern _gptrget1.S
            __codeptrget2   0x000196    program     static _gptrget2.S
            __dataptrget1   0x000178    program     static _gptrget1.S
            __dataptrget2   0x00018c    program     static _gptrget2.S
                __gptrget   0x000171    program     extern _gptrget1.S
               __gptrget1   0x000171    program     extern _gptrget1.S
               __gptrget2   0x000184    program     extern _gptrget2.S
    __sdcc_gsinit_startup   0x00001b    program     extern ../libsdcc_a-idata.asm
         __sdcc_interrupt   0x000004    program     static main.asm
                   _cinit   0x000255    program     extern 
         _clear_interrupt   0x00026a    program     static main.asm
      _disable_interrupts   0x00026d    program     static main.asm
       _enable_interrupts   0x000266    program     static main.asm
             _force_cinit   0x00004c       data     static ../libsdcc_a-idata.asm
                    _halt   0x000270    program     static main.asm
               _int2ascii   0x00024c    program     static main.asm
       _interrupt_handler   0x000004    program     static main.asm
           _io_data_write   0x000222    program     static main.asm
                    _main   0x000125    program     extern main.asm
            _print_prompt   0x0001eb    program     static main.asm
                  _sleepn   0x0001a5    program     static main.asm
                _uart_get   0x000230    program     static main.asm
        _uart_int_handler   0x0000b7    program     static main.asm
           _uart_print_nl   0x00025d    program     static main.asm
       _uart_print_string   0x0001ce    program     static main.asm
                _uart_put   0x000211    program     static main.asm
        _uart_read_buffer   0x000041       data     extern main.asm
       _uart_read_pointer   0x00004b       data     extern main.asm
                 _welcome   0x000125    program     static main.asm
                  r0x1000   0x000036       data     static ../libsdcc_a-idata.asm
                  r0x1001   0x000035       data     static ../libsdcc_a-idata.asm
                  r0x1002   0x000037       data     static ../libsdcc_a-idata.asm
                  r0x1003   0x000038       data     static ../libsdcc_a-idata.asm
                  r0x1004   0x000039       data     static ../libsdcc_a-idata.asm
                  r0x1005   0x00003a       data     static ../libsdcc_a-idata.asm
                  r0x1006   0x00003c       data     static ../libsdcc_a-idata.asm
                  r0x1007   0x00003b       data     static ../libsdcc_a-idata.asm
                  r0x1008   0x00003d       data     static ../libsdcc_a-idata.asm
                  r0x1009   0x00003e       data     static ../libsdcc_a-idata.asm
                  r0x100A   0x000040       data     static ../libsdcc_a-idata.asm
                  r0x100B   0x00003f       data     static ../libsdcc_a-idata.asm
                  r0x100C   0x00001e       data     static main.asm
                  r0x100D   0x00001d       data     static main.asm
                  r0x100E   0x00001c       data     static main.asm
                  r0x100F   0x00001f       data     static main.asm
                  r0x1010   0x000020       data     static main.asm
                  r0x1011   0x000021       data     static main.asm
                  r0x1012   0x000022       data     static main.asm
                  r0x1015   0x000023       data     static main.asm
                  r0x1016   0x000024       data     static main.asm
                  r0x1017   0x000025       data     static main.asm
                  r0x1018   0x00002a       data     static main.asm
                  r0x1019   0x00002b       data     static main.asm
                  r0x101A   0x00002c       data     static main.asm
                  r0x101B   0x00002d       data     static main.asm
                  r0x101C   0x00002f       data     static main.asm
                  r0x101D   0x00002e       data     static main.asm
                  r0x101E   0x000030       data     static main.asm
                  r0x101F   0x000031       data     static main.asm
                  r0x1020   0x000033       data     static main.asm
                  r0x1021   0x000032       data     static main.asm
                  r0x1022   0x000027       data     static main.asm
                  r0x1023   0x000026       data     static main.asm
                  r0x1024   0x000028       data     static main.asm
                  r0x1025   0x000029       data     static main.asm



                              Symbols - Sorted by Address
                     Name    Address   Location    Storage File
                ---------  ---------  ---------  --------- ---------
                    _INDF   0x000000       data     extern pic16f84.asm
                    _TMR0   0x000001       data     extern pic16f84.asm
                     _PCL   0x000002       data     extern pic16f84.asm
                  _STATUS   0x000003       data     extern pic16f84.asm
              _STATUSbits   0x000003       data     extern pic16f84.asm
                     _FSR   0x000004       data     extern pic16f84.asm
         __sdcc_interrupt   0x000004    program     static main.asm
       _interrupt_handler   0x000004    program     static main.asm
                   _PORTA   0x000005       data     extern pic16f84.asm
               _PORTAbits   0x000005       data     extern pic16f84.asm
                   _PORTB   0x000006       data     extern pic16f84.asm
               _PORTBbits   0x000006       data     extern pic16f84.asm
                 _UART_TX   0x000007       data     extern pic16f84.asm
                  _EEDATA   0x000008       data     extern pic16f84.asm
                 _UART_SR   0x000009       data     extern pic16f84.asm
             _UART_SRbits   0x000009       data     extern pic16f84.asm
                  _PCLATH   0x00000a       data     extern pic16f84.asm
                  _INTCON   0x00000b       data     extern pic16f84.asm
              _INTCONbits   0x00000b       data     extern pic16f84.asm
                    PSAVE   0x00000c       data     extern main.asm
                    SSAVE   0x00000d       data     extern main.asm
                    WSAVE   0x00000e       data     extern main.asm
                    STK12   0x00000f       data     extern main.asm
                    STK11   0x000010       data     extern main.asm
                    STK10   0x000011       data     extern main.asm
                    STK09   0x000012       data     extern main.asm
                    STK08   0x000013       data     extern main.asm
                    STK07   0x000014       data     extern main.asm
                    STK06   0x000015       data     extern main.asm
                    STK05   0x000016       data     extern main.asm
                    STK04   0x000017       data     extern main.asm
                    STK03   0x000018       data     extern main.asm
                    STK02   0x000019       data     extern main.asm
         END_OF_INTERRUPT   0x00001a    program     static main.asm
                    STK01   0x00001a       data     extern main.asm
                    STK00   0x00001b       data     extern main.asm
    __sdcc_gsinit_startup   0x00001b    program     extern ../libsdcc_a-idata.asm
                  r0x100E   0x00001c       data     static main.asm
                  r0x100D   0x00001d       data     static main.asm
                  r0x100C   0x00001e       data     static main.asm
                  r0x100F   0x00001f       data     static main.asm
                  r0x1010   0x000020       data     static main.asm
                  r0x1011   0x000021       data     static main.asm
                  r0x1012   0x000022       data     static main.asm
_S_idata___sdcc_gsinit_startup_0008   0x000023    program     static ../libsdcc_a-idata.asm
                  r0x1015   0x000023       data     static main.asm
                  r0x1016   0x000024       data     static main.asm
                  r0x1017   0x000025       data     static main.asm
                  r0x1023   0x000026       data     static main.asm
                  r0x1022   0x000027       data     static main.asm
                  r0x1024   0x000028       data     static main.asm
                  r0x1025   0x000029       data     static main.asm
                  r0x1018   0x00002a       data     static main.asm
                  r0x1019   0x00002b       data     static main.asm
                  r0x101A   0x00002c       data     static main.asm
                  r0x101B   0x00002d       data     static main.asm
               _00108_DS_   0x00002e    program     static ../libsdcc_a-idata.asm
                  r0x101D   0x00002e       data     static main.asm
                  r0x101C   0x00002f       data     static main.asm
                  r0x101E   0x000030       data     static main.asm
                  r0x101F   0x000031       data     static main.asm
                  r0x1021   0x000032       data     static main.asm
                  r0x1020   0x000033       data     static main.asm
        ___sdcc_saved_fsr   0x000034       data     static main.asm
                  r0x1001   0x000035       data     static ../libsdcc_a-idata.asm
                  r0x1000   0x000036       data     static ../libsdcc_a-idata.asm
                  r0x1002   0x000037       data     static ../libsdcc_a-idata.asm
                  r0x1003   0x000038       data     static ../libsdcc_a-idata.asm
                  r0x1004   0x000039       data     static ../libsdcc_a-idata.asm
                  r0x1005   0x00003a       data     static ../libsdcc_a-idata.asm
                  r0x1007   0x00003b       data     static ../libsdcc_a-idata.asm
                  r0x1006   0x00003c       data     static ../libsdcc_a-idata.asm
                  r0x1008   0x00003d       data     static ../libsdcc_a-idata.asm
                  r0x1009   0x00003e       data     static ../libsdcc_a-idata.asm
                  r0x100B   0x00003f       data     static ../libsdcc_a-idata.asm
                  r0x100A   0x000040       data     static ../libsdcc_a-idata.asm
        _uart_read_buffer   0x000041       data     extern main.asm
                 _COMMAND   0x000046       data     extern main.asm
_S_idata___sdcc_gsinit_startup_0030   0x00004b    program     static ../libsdcc_a-idata.asm
       _uart_read_pointer   0x00004b       data     extern main.asm
             _force_cinit   0x00004c       data     static ../libsdcc_a-idata.asm
_S_idata___sdcc_gsinit_startup_003F   0x00005a    program     static ../libsdcc_a-idata.asm
_S_idata___sdcc_gsinit_startup_0057   0x000072    program     static ../libsdcc_a-idata.asm
               _00105_DS_   0x00007b    program     static ../libsdcc_a-idata.asm
              _OPTION_REG   0x000081       data     extern pic16f84.asm
          _OPTION_REGbits   0x000081       data     extern pic16f84.asm
                   _TRISA   0x000085       data     extern pic16f84.asm
               _TRISAbits   0x000085       data     extern pic16f84.asm
                   _TRISB   0x000086       data     extern pic16f84.asm
               _TRISBbits   0x000086       data     extern pic16f84.asm
                 _UART_RX   0x000087       data     extern pic16f84.asm
                  _EECON1   0x000088       data     extern pic16f84.asm
              _EECON1bits   0x000088       data     extern pic16f84.asm
                  _EECON2   0x000089       data     extern pic16f84.asm
_S_idata___sdcc_gsinit_startup_0076   0x000091    program     static ../libsdcc_a-idata.asm
               _00107_DS_   0x0000ac    program     static ../libsdcc_a-idata.asm
               _00110_DS_   0x0000b3    program     static ../libsdcc_a-idata.asm
        _uart_int_handler   0x0000b7    program     static main.asm
               _00149_DS_   0x0000cf    program     static main.asm
               _00144_DS_   0x0000d8    program     static main.asm
               _00145_DS_   0x000103    program     static main.asm
               _00151_DS_   0x000124    program     static main.asm
                    _main   0x000125    program     extern main.asm
                 _welcome   0x000125    program     static main.asm
               _00169_DS_   0x000126    program     static main.asm
               _00167_DS_   0x00013d    program     static main.asm
               _00234_DS_   0x00016e    program     static main.asm
                __gptrget   0x000171    program     extern _gptrget1.S
               __gptrget1   0x000171    program     extern _gptrget1.S
            __dataptrget1   0x000178    program     static _gptrget1.S
            __codeptrget1   0x00017f    program     extern _gptrget1.S
               __gptrget2   0x000184    program     extern _gptrget2.S
            __dataptrget2   0x00018c    program     static _gptrget2.S
            __codeptrget2   0x000196    program     static _gptrget2.S
                  _sleepn   0x0001a5    program     static main.asm
               _00204_DS_   0x0001b0    program     static main.asm
               _00186_DS_   0x0001b6    program     static main.asm
               _00187_DS_   0x0001ba    program     static main.asm
               _00182_DS_   0x0001c0    program     static main.asm
               _00205_DS_   0x0001c6    program     static main.asm
               _00184_DS_   0x0001cd    program     static main.asm
       _uart_print_string   0x0001ce    program     static main.asm
               _00125_DS_   0x0001d6    program     static main.asm
               _00127_DS_   0x0001ea    program     static main.asm
            _print_prompt   0x0001eb    program     static main.asm
                 _WELCOME   0x0001ff    program     extern main.asm
                _uart_put   0x000211    program     static main.asm
               _00105_DS_   0x000213    program     static main.asm
               _00107_DS_   0x000218    program     static main.asm
               _00108_DS_   0x00021a    program     static main.asm
               _00110_DS_   0x00021f    program     static main.asm
           _io_data_write   0x000222    program     static main.asm
               _00212_DS_   0x00022f    program     static main.asm
                _uart_get   0x000230    program     static main.asm
               _00116_DS_   0x000238    program     static main.asm
               _00118_DS_   0x000239    program     static main.asm
                   _ERROR   0x00023a    program     extern main.asm
                 ___str_0   0x000243    program     static main.asm
               _int2ascii   0x00024c    program     static main.asm
                   _cinit   0x000255    program     extern 
           _uart_print_nl   0x00025d    program     static main.asm
                  _PROMPT   0x000262    program     extern main.asm
       _enable_interrupts   0x000266    program     static main.asm
         _clear_interrupt   0x00026a    program     static main.asm
      _disable_interrupts   0x00026d    program     static main.asm
               _00175_DS_   0x000270    program     static main.asm
                    _halt   0x000270    program     static main.asm


